// Jest Snapshot v1, https://goo.gl/fbAQLP

exports[`standalone-end-marker.html - html-verify 1`] = `
<div></div
>
<span></span>
<div></div
    
    
           >
<span></span>
<div></div
>

<span></span>
~~~~~~~~~~~~~~~~~~~~~~~~~~~~~~~~~~~~~~~~~~~~~~~~~~~~~~~~~~~~~~~~~~~~~~~~~~~~~~~~
<div></div>
<span></span>
<div></div>
<span></span>
<div></div>

<span></span>

`;
